2026-05-13T15:09:22.864+02:00  INFO 11524 --- [backend] [main] org.ditio.backend.BackendApplication     : Starting BackendApplication using Java 25.0.2 with PID 11524 (C:\Users\Ecodo\backend3\ditio.org-backend\target\classes started by Ecodo in C:\Users\Ecodo\backend3\ditio.org-backend)
2026-05-13T15:09:22.874+02:00  INFO 11524 --- [backend] [main] org.ditio.backend.BackendApplication     : The following 1 profile is active: "dev"
2026-05-13T15:09:25.104+02:00  INFO 11524 --- [backend] [main] .s.d.r.c.RepositoryConfigurationDelegate : Bootstrapping Spring Data JPA repositories in DEFAULT mode.
2026-05-13T15:09:25.204+02:00  INFO 11524 --- [backend] [main] .s.d.r.c.RepositoryConfigurationDelegate : Finished Spring Data repository scanning in 85 ms. Found 4 JPA repository interfaces.
2026-05-13T15:09:26.406+02:00  INFO 11524 --- [backend] [main] o.s.boot.tomcat.TomcatWebServer          : Tomcat initialized with port 8080 (http)
2026-05-13T15:09:26.432+02:00  INFO 11524 --- [backend] [main] o.apache.catalina.core.StandardService   : Starting service [Tomcat]
2026-05-13T15:09:26.432+02:00  INFO 11524 --- [backend] [main] o.apache.catalina.core.StandardEngine    : Starting Servlet engine: [Apache Tomcat/11.0.15]
2026-05-13T15:09:26.560+02:00  INFO 11524 --- [backend] [main] b.w.c.s.WebApplicationContextInitializer : Root WebApplicationContext: initialization completed in 3603 ms
2026-05-13T15:09:27.533+02:00  INFO 11524 --- [backend] [main] com.zaxxer.hikari.HikariDataSource       : HikariPool-1 - Starting...
2026-05-13T15:09:27.976+02:00  INFO 11524 --- [backend] [main] com.zaxxer.hikari.pool.HikariPool        : HikariPool-1 - Added connection org.postgresql.jdbc.PgConnection@2f61de04
2026-05-13T15:09:27.981+02:00  INFO 11524 --- [backend] [main] com.zaxxer.hikari.HikariDataSource       : HikariPool-1 - Start completed.
2026-05-13T15:09:28.085+02:00  INFO 11524 --- [backend] [main] org.flywaydb.core.FlywayExecutor         : Database: jdbc:postgresql://localhost:5432/postgres (PostgreSQL 18.2)
2026-05-13T15:09:28.378+02:00  INFO 11524 --- [backend] [main] o.f.core.internal.command.DbValidate     : Successfully validated 9 migrations (execution time 00:00.128s)
2026-05-13T15:09:28.419+02:00  INFO 11524 --- [backend] [main] o.f.core.internal.command.DbMigrate      : Current version of schema "public": 3.12
2026-05-13T15:09:28.428+02:00  INFO 11524 --- [backend] [main] o.f.core.internal.command.DbMigrate      : Schema "public" is up to date. No migration necessary.
2026-05-13T15:09:28.638+02:00  INFO 11524 --- [backend] [main] org.hibernate.orm.jpa                    : HHH008540: Processing PersistenceUnitInfo [name: default]
2026-05-13T15:09:28.760+02:00  INFO 11524 --- [backend] [main] org.hibernate.orm.core                   : HHH000001: Hibernate ORM core version 7.2.1.Final
2026-05-13T15:09:29.691+02:00  INFO 11524 --- [backend] [main] o.s.o.j.p.SpringPersistenceUnitInfo      : No LoadTimeWeaver setup: ignoring JPA class transformer
2026-05-13T15:09:29.836+02:00  INFO 11524 --- [backend] [main] org.hibernate.orm.connections.pooling    : HHH10001005: Database info:
	Database JDBC URL [jdbc:postgresql://localhost:5432/postgres]
	Database driver: PostgreSQL JDBC Driver
	Database dialect: PostgreSQLDialect
	Database version: 18.2
	Default catalog/schema: postgres/public
	Autocommit mode: undefined/unknown
	Isolation level: READ_COMMITTED [default READ_COMMITTED]
	JDBC fetch size: none
	Pool: DataSourceConnectionProvider
	Minimum pool size: undefined/unknown
	Maximum pool size: undefined/unknown
2026-05-13T15:09:31.224+02:00  INFO 11524 --- [backend] [main] org.hibernate.orm.core                   : HHH000489: No JTA platform available (set 'hibernate.transaction.jta.platform' to enable JTA platform integration)
2026-05-13T15:09:31.236+02:00  INFO 11524 --- [backend] [main] j.LocalContainerEntityManagerFactoryBean : Initialized JPA EntityManagerFactory for persistence unit 'default'
2026-05-13T15:09:31.380+02:00  INFO 11524 --- [backend] [main] o.s.d.j.r.query.QueryEnhancerFactories   : Hibernate is in classpath; If applicable, HQL parser will be used.
2026-05-13T15:09:32.921+02:00  WARN 11524 --- [backend] [main] JpaBaseConfiguration$JpaWebConfiguration : spring.jpa.open-in-view is enabled by default. Therefore, database queries may be performed during view rendering. Explicitly configure spring.jpa.open-in-view to disable this warning
2026-05-13T15:09:33.377+02:00  INFO 11524 --- [backend] [main] o.s.v.b.OptionalValidatorFactoryBean     : Failed to set up a Bean Validation provider: jakarta.validation.NoProviderFoundException: Unable to create a Configuration, because no Jakarta Validation provider could be found. Add a provider like Hibernate Validator (RI) to your classpath.
2026-05-13T15:09:34.283+02:00  INFO 11524 --- [backend] [main] o.s.b.a.e.web.EndpointLinksResolver      : Exposing 3 endpoints beneath base path '/actuator'
2026-05-13T15:09:34.613+02:00  INFO 11524 --- [backend] [main] o.s.boot.tomcat.TomcatWebServer          : Tomcat started on port 8080 (http) with context path '/'
2026-05-13T15:09:34.650+02:00  INFO 11524 --- [backend] [main] org.ditio.backend.BackendApplication     : Started BackendApplication in 12.48 seconds (process running for 13.008)
2026-05-13T15:09:58.432+02:00  INFO 11524 --- [backend] [http-nio-8080-exec-2] o.a.c.c.C.[Tomcat].[localhost].[/]       : Initializing Spring DispatcherServlet 'dispatcherServlet'
2026-05-13T15:09:58.432+02:00  INFO 11524 --- [backend] [http-nio-8080-exec-2] o.s.web.servlet.DispatcherServlet        : Initializing Servlet 'dispatcherServlet'
2026-05-13T15:09:58.432+02:00  INFO 11524 --- [backend] [http-nio-8080-exec-2] o.s.web.servlet.DispatcherServlet        : Completed initialization in 0 ms
2026-05-13T15:09:59.424+02:00  INFO 11524 --- [backend] [http-nio-8080-exec-6] o.springdoc.api.AbstractOpenApiResource  : Init duration for springdoc-openapi is: 546 ms
2026-05-13T15:10:00.563+02:00 DEBUG 11524 --- [backend] [scheduling-1] org.hibernate.SQL                        : select er1_0.event_reg_id,er1_0.att_status,er1_0.deadline,er1_0.event_id,er1_0.quarantine_end,er1_0.user_id from event_reg2 er1_0 where er1_0.deadline<? and er1_0.att_status<>?
2026-05-13T15:10:03.557+02:00 DEBUG 11524 --- [backend] [http-nio-8080-exec-7] org.hibernate.SQL                        : select er1_0.event_reg_id,er1_0.att_status,er1_0.deadline,er1_0.event_id,er1_0.quarantine_end,er1_0.user_id from event_reg2 er1_0
2026-05-13T15:10:16.552+02:00 DEBUG 11524 --- [backend] [http-nio-8080-exec-2] org.hibernate.SQL                        : select er1_0.event_reg_id,er1_0.att_status,er1_0.deadline,er1_0.event_id,er1_0.quarantine_end,er1_0.user_id from event_reg2 er1_0 where er1_0.event_reg_id=?
2026-05-13T15:10:16.588+02:00 DEBUG 11524 --- [backend] [http-nio-8080-exec-2] org.hibernate.SQL                        : delete from event_reg2 where event_reg_id=?
2026-05-13T15:10:32.820+02:00 DEBUG 11524 --- [backend] [http-nio-8080-exec-4] org.hibernate.SQL                        : select er1_0.event_reg_id,er1_0.att_status,er1_0.deadline,er1_0.event_id,er1_0.quarantine_end,er1_0.user_id from event_reg2 er1_0
2026-05-13T15:10:48.323+02:00 DEBUG 11524 --- [backend] [http-nio-8080-exec-3] org.hibernate.SQL                        : select e1_0.event_id,e1_0.description,e1_0.end_time,e1_0.is_published,e1_0.location,e1_0.max_attendees,e1_0.start_time,e1_0.title from event e1_0 where e1_0.event_id=?
2026-05-13T15:10:48.332+02:00 DEBUG 11524 --- [backend] [http-nio-8080-exec-3] org.hibernate.SQL                        : select u1_0.id,u1_0.email,u1_0.navn,u1_0.quarantine_until,u1_0.role from users u1_0 where u1_0.id=?
2026-05-13T15:11:06.720+02:00 DEBUG 11524 --- [backend] [http-nio-8080-exec-9] org.hibernate.SQL                        : select er1_0.event_reg_id,er1_0.att_status,er1_0.deadline,er1_0.event_id,er1_0.quarantine_end,er1_0.user_id from event_reg2 er1_0 where er1_0.event_reg_id=?
2026-05-13T15:11:06.726+02:00 DEBUG 11524 --- [backend] [http-nio-8080-exec-9] org.hibernate.SQL                        : delete from event_reg2 where event_reg_id=?
2026-05-13T15:11:20.025+02:00 DEBUG 11524 --- [backend] [http-nio-8080-exec-6] org.hibernate.SQL                        : select er1_0.event_reg_id,er1_0.att_status,er1_0.deadline,er1_0.event_id,er1_0.quarantine_end,er1_0.user_id from event_reg2 er1_0
2026-05-13T15:11:23.599+02:00 DEBUG 11524 --- [backend] [http-nio-8080-exec-7] org.hibernate.SQL                        : select e1_0.event_id,e1_0.description,e1_0.end_time,e1_0.is_published,e1_0.location,e1_0.max_attendees,e1_0.start_time,e1_0.title from event e1_0 where e1_0.event_id=?
2026-05-13T15:11:23.603+02:00 DEBUG 11524 --- [backend] [http-nio-8080-exec-7] org.hibernate.SQL                        : select u1_0.id,u1_0.email,u1_0.navn,u1_0.quarantine_until,u1_0.role from users u1_0 where u1_0.id=?
2026-05-13T15:11:23.621+02:00 DEBUG 11524 --- [backend] [http-nio-8080-exec-7] org.hibernate.SQL                        : insert into event_reg2 (att_status,deadline,event_id,quarantine_end,user_id,event_reg_id) values (?,?,?,?,?,?)
2026-05-13T15:11:26.586+02:00 DEBUG 11524 --- [backend] [http-nio-8080-exec-2] org.hibernate.SQL                        : select er1_0.event_reg_id,er1_0.att_status,er1_0.deadline,er1_0.event_id,er1_0.quarantine_end,er1_0.user_id from event_reg2 er1_0
2026-05-13T15:12:02.288+02:00 DEBUG 11524 --- [backend] [http-nio-8080-exec-4] org.hibernate.SQL                        : select e1_0.event_id,e1_0.description,e1_0.end_time,e1_0.is_published,e1_0.location,e1_0.max_attendees,e1_0.start_time,e1_0.title from event e1_0 where e1_0.event_id=?
2026-05-13T15:12:02.294+02:00 DEBUG 11524 --- [backend] [http-nio-8080-exec-4] org.hibernate.SQL                        : select u1_0.id,u1_0.email,u1_0.navn,u1_0.quarantine_until,u1_0.role from users u1_0 where u1_0.id=?
2026-05-13T15:12:02.302+02:00 DEBUG 11524 --- [backend] [http-nio-8080-exec-4] org.hibernate.SQL                        : insert into event_reg2 (att_status,deadline,event_id,quarantine_end,user_id,event_reg_id) values (?,?,?,?,?,?)
2026-05-13T15:12:07.065+02:00 DEBUG 11524 --- [backend] [http-nio-8080-exec-3] org.hibernate.SQL                        : select er1_0.event_reg_id,er1_0.att_status,er1_0.deadline,er1_0.event_id,er1_0.quarantine_end,er1_0.user_id from event_reg2 er1_0
2026-05-13T15:12:52.927+02:00 DEBUG 11524 --- [backend] [http-nio-8080-exec-1] org.hibernate.SQL                        : select er1_0.event_reg_id,er1_0.att_status,er1_0.deadline,er1_0.event_id,er1_0.quarantine_end,er1_0.user_id from event_reg2 er1_0
2026-05-13T15:12:59.366+02:00 DEBUG 11524 --- [backend] [http-nio-8080-exec-8] org.hibernate.SQL                        : select er1_0.event_reg_id,er1_0.att_status,er1_0.deadline,er1_0.event_id,er1_0.quarantine_end,er1_0.user_id from event_reg2 er1_0
2026-05-13T15:15:00.043+02:00 DEBUG 11524 --- [backend] [scheduling-1] org.hibernate.SQL                        : select er1_0.event_reg_id,er1_0.att_status,er1_0.deadline,er1_0.event_id,er1_0.quarantine_end,er1_0.user_id from event_reg2 er1_0 where er1_0.deadline<? and er1_0.att_status<>?
2026-05-13T15:15:00.089+02:00 DEBUG 11524 --- [backend] [scheduling-1] org.hibernate.SQL                        : select er1_0.event_reg_id,er1_0.att_status,er1_0.deadline,er1_0.event_id,er1_0.quarantine_end,er1_0.user_id from event_reg2 er1_0 where er1_0.event_reg_id=?
2026-05-13T15:15:00.122+02:00 DEBUG 11524 --- [backend] [scheduling-1] org.hibernate.SQL                        : update event_reg2 set att_status=?,deadline=?,event_id=?,quarantine_end=?,user_id=? where event_reg_id=?
2026-05-13T15:15:00.144+02:00 DEBUG 11524 --- [backend] [scheduling-1] org.hibernate.SQL                        : select er1_0.event_reg_id,er1_0.att_status,er1_0.deadline,er1_0.event_id,er1_0.quarantine_end,er1_0.user_id from event_reg2 er1_0 where er1_0.event_reg_id=?
2026-05-13T15:15:00.149+02:00 DEBUG 11524 --- [backend] [scheduling-1] org.hibernate.SQL                        : update event_reg2 set att_status=?,deadline=?,event_id=?,quarantine_end=?,user_id=? where event_reg_id=?
2026-05-13T15:15:04.923+02:00 DEBUG 11524 --- [backend] [http-nio-8080-exec-5] org.hibernate.SQL                        : select er1_0.event_reg_id,er1_0.att_status,er1_0.deadline,er1_0.event_id,er1_0.quarantine_end,er1_0.user_id from event_reg2 er1_0
2026-05-13T15:16:06.868+02:00 DEBUG 11524 --- [backend] [http-nio-8080-exec-6] org.hibernate.SQL                        : select e1_0.event_id,e1_0.description,e1_0.end_time,e1_0.is_published,e1_0.location,e1_0.max_attendees,e1_0.start_time,e1_0.title from event e1_0
2026-05-13T15:20:00.048+02:00 DEBUG 11524 --- [backend] [scheduling-1] org.hibernate.SQL                        : select er1_0.event_reg_id,er1_0.att_status,er1_0.deadline,er1_0.event_id,er1_0.quarantine_end,er1_0.user_id from event_reg2 er1_0 where er1_0.deadline<? and er1_0.att_status<>?
2026-05-13T15:20:55.367+02:00 DEBUG 11524 --- [backend] [http-nio-8080-exec-2] org.hibernate.SQL                        : select e1_0.event_id,e1_0.description,e1_0.end_time,e1_0.is_published,e1_0.location,e1_0.max_attendees,e1_0.start_time,e1_0.title from event e1_0
